Archive member included because of file (symbol)

c:/program files (x86)/atmel/avr tools/avr toolchain/bin/../lib/gcc/avr/4.5.1/avr51\libgcc.a(_exit.o)
                              c:/program files (x86)/atmel/avr tools/avr toolchain/bin/../lib/gcc/avr/4.5.1/../../../../avr/lib/avr51/crtm128.o (exit)
c:/program files (x86)/atmel/avr tools/avr toolchain/bin/../lib/gcc/avr/4.5.1/avr51\libgcc.a(_clear_bss.o)
                              Timer_EXTI_lib_test.o (__do_clear_bss)

Allocating common symbols
Common symbol       size              file

degree              0x2               Timer_EXTI_lib_test.o
_nullFunc           0x2               external_interrupt.o

Memory Configuration

Name             Origin             Length             Attributes
text             0x00000000         0x00020000         xr
data             0x00800100         0x0000ff00         rw !x
eeprom           0x00810000         0x00010000         rw !x
fuse             0x00820000         0x00000400         rw !x
lock             0x00830000         0x00000400         rw !x
signature        0x00840000         0x00000400         rw !x
*default*        0x00000000         0xffffffff

Linker script and memory map

Address of section .data set to 0x800100
LOAD c:/program files (x86)/atmel/avr tools/avr toolchain/bin/../lib/gcc/avr/4.5.1/../../../../avr/lib/avr51/crtm128.o
LOAD Timer_EXTI_lib_test.o
LOAD external_interrupt.o
LOAD timer_simple.o
LOAD c:/program files (x86)/atmel/avr tools/avr toolchain/bin/../lib/gcc/avr/4.5.1/avr51\libgcc.a
LOAD c:/program files (x86)/atmel/avr tools/avr toolchain/bin/../lib/gcc/avr/4.5.1/../../../../avr/lib/avr51\libc.a
LOAD c:/program files (x86)/atmel/avr tools/avr toolchain/bin/../lib/gcc/avr/4.5.1/avr51\libgcc.a

.hash
 *(.hash)

.dynsym
 *(.dynsym)

.dynstr
 *(.dynstr)

.gnu.version
 *(.gnu.version)

.gnu.version_d
 *(.gnu.version_d)

.gnu.version_r
 *(.gnu.version_r)

.rel.init
 *(.rel.init)

.rela.init
 *(.rela.init)

.rel.text
 *(.rel.text)
 *(.rel.text.*)
 *(.rel.gnu.linkonce.t*)

.rela.text
 *(.rela.text)
 *(.rela.text.*)
 *(.rela.gnu.linkonce.t*)

.rel.fini
 *(.rel.fini)

.rela.fini
 *(.rela.fini)

.rel.rodata
 *(.rel.rodata)
 *(.rel.rodata.*)
 *(.rel.gnu.linkonce.r*)

.rela.rodata
 *(.rela.rodata)
 *(.rela.rodata.*)
 *(.rela.gnu.linkonce.r*)

.rel.data
 *(.rel.data)
 *(.rel.data.*)
 *(.rel.gnu.linkonce.d*)

.rela.data
 *(.rela.data)
 *(.rela.data.*)
 *(.rela.gnu.linkonce.d*)

.rel.ctors
 *(.rel.ctors)

.rela.ctors
 *(.rela.ctors)

.rel.dtors
 *(.rel.dtors)

.rela.dtors
 *(.rela.dtors)

.rel.got
 *(.rel.got)

.rela.got
 *(.rela.got)

.rel.bss
 *(.rel.bss)

.rela.bss
 *(.rela.bss)

.rel.plt
 *(.rel.plt)

.rela.plt
 *(.rela.plt)

.text           0x00000000     0x150e
 *(.vectors)
 .vectors       0x00000000       0x8c c:/program files (x86)/atmel/avr tools/avr toolchain/bin/../lib/gcc/avr/4.5.1/../../../../avr/lib/avr51/crtm128.o
                0x00000000                __vector_default
                0x00000000                __vectors
 *(.vectors)
 *(.progmem.gcc*)
 *(.progmem*)
                0x0000008c                . = ALIGN (0x2)
                0x0000008c                __trampolines_start = .
 *(.trampolines)
 .trampolines   0x0000008c        0x0 linker stubs
 *(.trampolines*)
                0x0000008c                __trampolines_end = .
 *(.jumptables)
 *(.jumptables*)
 *(.lowtext)
 *(.lowtext*)
                0x0000008c                __ctors_start = .
 *(.ctors)
                0x0000008c                __ctors_end = .
                0x0000008c                __dtors_start = .
 *(.dtors)
                0x0000008c                __dtors_end = .
 SORT(*)(.ctors)
 SORT(*)(.dtors)
 *(.init0)
 .init0         0x0000008c        0x0 c:/program files (x86)/atmel/avr tools/avr toolchain/bin/../lib/gcc/avr/4.5.1/../../../../avr/lib/avr51/crtm128.o
                0x0000008c                __init
 *(.init0)
 *(.init1)
 *(.init1)
 *(.init2)
 .init2         0x0000008c        0xc c:/program files (x86)/atmel/avr tools/avr toolchain/bin/../lib/gcc/avr/4.5.1/../../../../avr/lib/avr51/crtm128.o
 *(.init2)
 *(.init3)
 *(.init3)
 *(.init4)
 .init4         0x00000098       0x10 c:/program files (x86)/atmel/avr tools/avr toolchain/bin/../lib/gcc/avr/4.5.1/avr51\libgcc.a(_clear_bss.o)
                0x00000098                __do_clear_bss
 *(.init4)
 *(.init5)
 *(.init5)
 *(.init6)
 *(.init6)
 *(.init7)
 *(.init7)
 *(.init8)
 *(.init8)
 *(.init9)
 .init9         0x000000a8        0x8 c:/program files (x86)/atmel/avr tools/avr toolchain/bin/../lib/gcc/avr/4.5.1/../../../../avr/lib/avr51/crtm128.o
 *(.init9)
 *(.text)
 .text          0x000000b0        0x4 c:/program files (x86)/atmel/avr tools/avr toolchain/bin/../lib/gcc/avr/4.5.1/../../../../avr/lib/avr51/crtm128.o
                0x000000b0                __vector_22
                0x000000b0                __vector_32
                0x000000b0                __vector_34
                0x000000b0                __bad_interrupt
                0x000000b0                __vector_31
                0x000000b0                __vector_23
                0x000000b0                __vector_30
                0x000000b0                __vector_17
                0x000000b0                __vector_19
                0x000000b0                __vector_33
                0x000000b0                __vector_21
                0x000000b0                __vector_18
                0x000000b0                __vector_20
 .text          0x000000b4      0x494 Timer_EXTI_lib_test.o
                0x000000b4                count_ms
                0x000000c8                ovf_fnc
                0x000000ce                comp_fnc
                0x000000d2                button1
                0x000000e6                button2
                0x000000fa                onClick
                0x00000132                removePress
                0x000002ca                main
                0x00000424                Read_ADC
                0x00000436                mode2
                0x00000484                mode1
                0x000004da                mode0
 .text          0x00000548      0x374 external_interrupt.o
                0x00000548                attatchInterrupt
                0x000005d0                detatchInterrupt
                0x0000060c                __vector_1
                0x00000662                __vector_2
                0x000006b8                __vector_3
                0x0000070e                __vector_4
                0x00000764                __vector_5
                0x000007ba                __vector_6
                0x00000810                __vector_7
                0x00000866                __vector_8
 .text          0x000008bc      0xc4e timer_simple.o
                0x000008bc                setTimerInit
                0x00000a88                changeTimerSet
                0x00000bde                setTimerInterrupt
                0x00000d4e                clearTimerInterrupt
                0x00000e42                setTimerLimit
                0x00000f34                getLimitInfo
                0x00001056                __vector_16
                0x000010ac                __vector_15
                0x00001102                __vector_14
                0x00001158                __vector_12
                0x000011ae                __vector_13
                0x00001204                __vector_24
                0x0000125a                __vector_11
                0x000012b0                __vector_10
                0x00001306                __vector_9
                0x0000135c                __vector_29
                0x000013b2                __vector_26
                0x00001408                __vector_27
                0x0000145e                __vector_28
                0x000014b4                __vector_25
 .text          0x0000150a        0x0 c:/program files (x86)/atmel/avr tools/avr toolchain/bin/../lib/gcc/avr/4.5.1/avr51\libgcc.a(_exit.o)
 .text          0x0000150a        0x0 c:/program files (x86)/atmel/avr tools/avr toolchain/bin/../lib/gcc/avr/4.5.1/avr51\libgcc.a(_clear_bss.o)
                0x0000150a                . = ALIGN (0x2)
 *(.text.*)
 .text.libgcc   0x0000150a        0x0 c:/program files (x86)/atmel/avr tools/avr toolchain/bin/../lib/gcc/avr/4.5.1/avr51\libgcc.a(_exit.o)
 .text.libgcc   0x0000150a        0x0 c:/program files (x86)/atmel/avr tools/avr toolchain/bin/../lib/gcc/avr/4.5.1/avr51\libgcc.a(_clear_bss.o)
                0x0000150a                . = ALIGN (0x2)
 *(.fini9)
 .fini9         0x0000150a        0x0 c:/program files (x86)/atmel/avr tools/avr toolchain/bin/../lib/gcc/avr/4.5.1/avr51\libgcc.a(_exit.o)
                0x0000150a                _exit
                0x0000150a                exit
 *(.fini9)
 *(.fini8)
 *(.fini8)
 *(.fini7)
 *(.fini7)
 *(.fini6)
 *(.fini6)
 *(.fini5)
 *(.fini5)
 *(.fini4)
 *(.fini4)
 *(.fini3)
 *(.fini3)
 *(.fini2)
 *(.fini2)
 *(.fini1)
 *(.fini1)
 *(.fini0)
 .fini0         0x0000150a        0x4 c:/program files (x86)/atmel/avr tools/avr toolchain/bin/../lib/gcc/avr/4.5.1/avr51\libgcc.a(_exit.o)
 *(.fini0)
                0x0000150e                _etext = .

.data           0x00800100        0x0 load address 0x0000150e
                0x00800100                PROVIDE (__data_start, .)
 *(.data)
 .data          0x00800100        0x0 c:/program files (x86)/atmel/avr tools/avr toolchain/bin/../lib/gcc/avr/4.5.1/../../../../avr/lib/avr51/crtm128.o
 .data          0x00800100        0x0 Timer_EXTI_lib_test.o
 .data          0x00800100        0x0 external_interrupt.o
 .data          0x00800100        0x0 timer_simple.o
 .data          0x00800100        0x0 c:/program files (x86)/atmel/avr tools/avr toolchain/bin/../lib/gcc/avr/4.5.1/avr51\libgcc.a(_exit.o)
 .data          0x00800100        0x0 c:/program files (x86)/atmel/avr tools/avr toolchain/bin/../lib/gcc/avr/4.5.1/avr51\libgcc.a(_clear_bss.o)
 *(.data*)
 *(.rodata)
 *(.rodata*)
 *(.gnu.linkonce.d*)
                0x00800100                . = ALIGN (0x2)
                0x00800100                _edata = .
                0x00800100                PROVIDE (__data_end, .)

.bss            0x00800100       0x38
                0x00800100                PROVIDE (__bss_start, .)
 *(.bss)
 .bss           0x00800100        0x0 c:/program files (x86)/atmel/avr tools/avr toolchain/bin/../lib/gcc/avr/4.5.1/../../../../avr/lib/avr51/crtm128.o
 .bss           0x00800100        0x8 Timer_EXTI_lib_test.o
                0x00800100                adc_read
                0x00800102                delay_time
                0x00800104                operation_mode
                0x00800105                P_B_mode
                0x00800106                count
 .bss           0x00800108       0x10 external_interrupt.o
 .bss           0x00800118       0x1c timer_simple.o
 .bss           0x00800134        0x0 c:/program files (x86)/atmel/avr tools/avr toolchain/bin/../lib/gcc/avr/4.5.1/avr51\libgcc.a(_exit.o)
 .bss           0x00800134        0x0 c:/program files (x86)/atmel/avr tools/avr toolchain/bin/../lib/gcc/avr/4.5.1/avr51\libgcc.a(_clear_bss.o)
 *(.bss*)
 *(COMMON)
 COMMON         0x00800134        0x2 Timer_EXTI_lib_test.o
                0x00800134                degree
 COMMON         0x00800136        0x2 external_interrupt.o
                0x00800136                _nullFunc
                0x00800138                PROVIDE (__bss_end, .)
                0x0000150e                __data_load_start = LOADADDR (.data)
                0x0000150e                __data_load_end = (__data_load_start + SIZEOF (.data))

.noinit         0x00800138        0x0
                0x00800138                PROVIDE (__noinit_start, .)
 *(.noinit*)
                0x00800138                PROVIDE (__noinit_end, .)
                0x00800138                _end = .
                0x00800138                PROVIDE (__heap_start, .)

.eeprom         0x00810000        0x0
 *(.eeprom*)
                0x00810000                __eeprom_end = .

.fuse
 *(.fuse)
 *(.lfuse)
 *(.hfuse)
 *(.efuse)

.lock
 *(.lock*)

.signature
 *(.signature*)

.stab           0x00000000      0x6cc
 *(.stab)
 .stab          0x00000000      0x6cc c:/program files (x86)/atmel/avr tools/avr toolchain/bin/../lib/gcc/avr/4.5.1/../../../../avr/lib/avr51/crtm128.o

.stabstr        0x00000000       0x85
 *(.stabstr)
 .stabstr       0x00000000       0x85 c:/program files (x86)/atmel/avr tools/avr toolchain/bin/../lib/gcc/avr/4.5.1/../../../../avr/lib/avr51/crtm128.o

.stab.excl
 *(.stab.excl)

.stab.exclstr
 *(.stab.exclstr)

.stab.index
 *(.stab.index)

.stab.indexstr
 *(.stab.indexstr)

.comment
 *(.comment)

.debug
 *(.debug)

.line
 *(.line)

.debug_srcinfo
 *(.debug_srcinfo)

.debug_sfnames
 *(.debug_sfnames)

.debug_aranges  0x00000000       0x60
 *(.debug_aranges)
 .debug_aranges
                0x00000000       0x20 Timer_EXTI_lib_test.o
 .debug_aranges
                0x00000020       0x20 external_interrupt.o
 .debug_aranges
                0x00000040       0x20 timer_simple.o

.debug_pubnames
                0x00000000      0x327
 *(.debug_pubnames)
 .debug_pubnames
                0x00000000       0xf1 Timer_EXTI_lib_test.o
 .debug_pubnames
                0x000000f1       0xc2 external_interrupt.o
 .debug_pubnames
                0x000001b3      0x174 timer_simple.o

.debug_info     0x00000000      0xf50
 *(.debug_info)
 .debug_info    0x00000000      0x2fe Timer_EXTI_lib_test.o
 .debug_info    0x000002fe      0x218 external_interrupt.o
 .debug_info    0x00000516      0xa3a timer_simple.o
 *(.gnu.linkonce.wi.*)

.debug_abbrev   0x00000000      0x4bf
 *(.debug_abbrev)
 .debug_abbrev  0x00000000      0x111 Timer_EXTI_lib_test.o
 .debug_abbrev  0x00000111      0x104 external_interrupt.o
 .debug_abbrev  0x00000215      0x2aa timer_simple.o

.debug_line     0x00000000      0xf2a
 *(.debug_line)
 .debug_line    0x00000000      0x3ed Timer_EXTI_lib_test.o
 .debug_line    0x000003ed      0x1fb external_interrupt.o
 .debug_line    0x000005e8      0x942 timer_simple.o

.debug_frame    0x00000000      0x2d0
 *(.debug_frame)
 .debug_frame   0x00000000       0xd0 Timer_EXTI_lib_test.o
 .debug_frame   0x000000d0       0xb0 external_interrupt.o
 .debug_frame   0x00000180      0x150 timer_simple.o

.debug_str      0x00000000      0x59c
 *(.debug_str)
 .debug_str     0x00000000      0x1d6 Timer_EXTI_lib_test.o
                                0x20f (size before relaxing)
 .debug_str     0x000001d6       0xbf external_interrupt.o
                                0x1a6 (size before relaxing)
 .debug_str     0x00000295      0x307 timer_simple.o
                                0x3e3 (size before relaxing)

.debug_loc      0x00000000      0x58e
 *(.debug_loc)
 .debug_loc     0x00000000       0x13 Timer_EXTI_lib_test.o
 .debug_loc     0x00000013       0x6d external_interrupt.o
 .debug_loc     0x00000080      0x50e timer_simple.o

.debug_macinfo
 *(.debug_macinfo)
OUTPUT(Timer_EXTI_lib_test.elf elf32-avr)
LOAD linker stubs

.debug_pubtypes
                0x00000000      0x119
 .debug_pubtypes
                0x00000000       0x47 Timer_EXTI_lib_test.o
 .debug_pubtypes
                0x00000047       0x3d external_interrupt.o
 .debug_pubtypes
                0x00000084       0x95 timer_simple.o

.debug_ranges   0x00000000       0x48
 .debug_ranges  0x00000000       0x48 timer_simple.o
